Serial port /dev/ttyUSB3
Connecting....
Connecting....
esptool.py v4.8.1
Found 5 serial ports
Chip is ESP32-D0WD-V3 (revision v3.0)
Features: WiFi, BT, Dual Core, 240MHz, VRef calibration in efuse, Coding Scheme None
Crystal is 40MHz
MAC: 10:97:bd:d5:4f:b0
Uploading stub...
Running stub...
Stub running...
Changing baud rate to 921600
Changed.
Configuring flash size...
Flash will be erased from 0x00001000 to 0x00007fff...
Flash will be erased from 0x00008000 to 0x00008fff...
Flash will be erased from 0x00010000 to 0x0003bfff...
SHA digest in image updated
Compressed 26720 bytes to 16360...
Writing at 0x00001000... (100 %)Wrote 26720 bytes (16360 compressed) at 0x00001000 in 0.7 seconds (effective 290.5 kbit/s)...
Hash of data verified.
Compressed 3072 bytes to 103...
Writing at 0x00008000... (100 %)Wrote 3072 bytes (103 compressed) at 0x00008000 in 0.1 seconds (effective 307.4 kbit/s)...
Hash of data verified.
Compressed 179008 bytes to 97377...
Writing at 0x00010000... (16 %)Writing at 0x0001b6c3... (33 %)Writing at 0x000211d1... (50 %)Writing at 0x00026dd0... (66 %)Writing at 0x0002d6f3... (83 %)Writing at 0x0003596f... (100 %)Wrote 179008 bytes (97377 compressed) at 0x00010000 in 2.3 seconds (effective 621.6 kbit/s)...
Hash of data verified.

Leaving...
Hard resetting via RTS pin...
ets Jul 29 2019 12:21:46

rst:0x1 (POWERON_RESET),boot:0x12 (SPI_FAST_FLASH_BOOT)
configsip: 0, SPIWP:0xee
clk_drv:0x00,q_drv:0x00,d_drv:0x00,cs0_drv:0x00,hd_drv:0x00,wp_drv:0x00
mode:DIO, clock div:2
load:0x3fff0030,len:7172
load:0x40078000,len:15540
load:0x40080400,len:4
ho 8 tail 4 room 4
load:0x40080404,len:3904
entry 0x40080640
[0;32mI (31) boot: ESP-IDF v5.2.3-617-g91baeeb61c 2nd stage bootloader[0m
[0;32mI (31) boot: compile time Dec 20 2024 08:37:26[0m
[0;32mI (33) boot: Multicore bootloader[0m
[0;32mI (37) boot: chip revision: v3.0[0m
[0;32mI (40) boot.esp32: SPI Speed      : 40MHz[0m
[0;32mI (45) boot.esp32: SPI Mode       : DIO[0m
[0;32mI (50) boot.esp32: SPI Flash Size : 2MB[0m
[0;32mI (54) boot: Enabling RNG early entropy source...[0m
[0;32mI (60) boot: Partition Table:[0m
[0;32mI (63) boot: ## Label            Usage          Type ST Offset   Length[0m
[0;32mI (71) boot:  0 nvs              WiFi data        01 02 00009000 00006000[0m
[0;32mI (78) boot:  1 phy_init         RF data          01 01 0000f000 00001000[0m
[0;32mI (85) boot:  2 factory          factory app      00 00 00010000 00100000[0m
[0;32mI (93) boot: End of partition table[0m
[0;32mI (97) esp_image: segment 0: paddr=00010020 vaddr=3f400020 size=08110h ( 33040) map[0m
[0;32mI (117) esp_image: segment 1: paddr=00018138 vaddr=3ffb0000 size=0225ch (  8796) load[0m
[0;32mI (120) esp_image: segment 2: paddr=0001a39c vaddr=40080000 size=05c7ch ( 23676) load[0m
[0;32mI (134) esp_image: segment 3: paddr=00020020 vaddr=400d0020 size=151e4h ( 86500) map[0m
[0;32mI (164) esp_image: segment 4: paddr=0003520c vaddr=40085c7c size=06908h ( 26888) load[0m
[0;32mI (181) boot: Loaded app from partition at offset 0x10000[0m
[0;32mI (181) boot: Disabling RNG early entropy source...[0m
[0;32mI (192) cpu_start: Multicore app[0m
[0;32mI (202) cpu_start: Pro cpu start user code[0m
[0;32mI (202) cpu_start: cpu freq: 160000000 Hz[0m
[0;32mI (202) cpu_start: Application information:[0m
[0;32mI (205) cpu_start: Project name:     mb_endianness_utils[0m
[0;32mI (211) cpu_start: App version:      v2.0.0-beta-11-g3117942[0m
[0;32mI (217) cpu_start: Compile time:     Dec 20 2024 08:37:19[0m
[0;32mI (223) cpu_start: ELF file SHA256:  2b20d461d...[0m
[0;32mI (228) cpu_start: ESP-IDF:          v5.2.3-617-g91baeeb61c[0m
[0;32mI (235) cpu_start: Min chip rev:     v0.0[0m
[0;32mI (239) cpu_start: Max chip rev:     v3.99 [0m
[0;32mI (244) cpu_start: Chip rev:         v3.0[0m
[0;32mI (249) heap_init: Initializing. RAM available for dynamic allocation:[0m
[0;32mI (256) heap_init: At 3FFAE6E0 len 00001920 (6 KiB): DRAM[0m
[0;32mI (262) heap_init: At 3FFB2BF8 len 0002D408 (181 KiB): DRAM[0m
[0;32mI (268) heap_init: At 3FFE0440 len 00003AE0 (14 KiB): D/IRAM[0m
[0;32mI (275) heap_init: At 3FFE4350 len 0001BCB0 (111 KiB): D/IRAM[0m
[0;32mI (281) heap_init: At 4008C584 len 00013A7C (78 KiB): IRAM[0m
[0;32mI (289) spi_flash: detected chip: generic[0m
[0;32mI (292) spi_flash: flash io: dio[0m
[0;33mW (296) spi_flash: Detected size(4096k) larger than the size in the binary image header(2048k). Using the size in the binary image header.[0m
[0;32mI (310) main_task: Started on CPU0[0m
[0;32mI (320) main_task: Calling app_main()[0m


Press ENTER to see the list of tests.



Here's the test menu, pick your combo:
(1)	"Test endianness conversion for all extended Modbus types." [MB_ENDIANNESS]

Enter test for running.
ets Jul 29 2019 12:21:46

rst:0x1 (POWERON_RESET),boot:0x12 (SPI_FAST_FLASH_BOOT)
configsip: 0, SPIWP:0xee
clk_drv:0x00,q_drv:0x00,d_drv:0x00,cs0_drv:0x00,hd_drv:0x00,wp_drv:0x00
mode:DIO, clock div:2
load:0x3fff0030,len:7172
load:0x40078000,len:15540
load:0x40080400,len:4
ho 8 tail 4 room 4
load:0x40080404,len:3904
entry 0x40080640
[0;32mI (31) boot: ESP-IDF v5.2.3-617-g91baeeb61c 2nd stage bootloader[0m
[0;32mI (31) boot: compile time Dec 20 2024 08:37:26[0m
[0;32mI (33) boot: Multicore bootloader[0m
[0;32mI (37) boot: chip revision: v3.0[0m
[0;32mI (40) boot.esp32: SPI Speed      : 40MHz[0m
[0;32mI (45) boot.esp32: SPI Mode       : DIO[0m
[0;32mI (50) boot.esp32: SPI Flash Size : 2MB[0m
[0;32mI (54) boot: Enabling RNG early entropy source...[0m
[0;32mI (60) boot: Partition Table:[0m
[0;32mI (63) boot: ## Label            Usage          Type ST Offset   Length[0m
[0;32mI (71) boot:  0 nvs              WiFi data        01 02 00009000 00006000[0m
[0;32mI (78) boot:  1 phy_init         RF data          01 01 0000f000 00001000[0m
[0;32mI (85) boot:  2 factory          factory app      00 00 00010000 00100000[0m
[0;32mI (93) boot: End of partition table[0m
[0;32mI (97) esp_image: segment 0: paddr=00010020 vaddr=3f400020 size=08110h ( 33040) map[0m
[0;32mI (117) esp_image: segment 1: paddr=00018138 vaddr=3ffb0000 size=0225ch (  8796) load[0m
[0;32mI (120) esp_image: segment 2: paddr=0001a39c vaddr=40080000 size=05c7ch ( 23676) load[0m
[0;32mI (134) esp_image: segment 3: paddr=00020020 vaddr=400d0020 size=151e4h ( 86500) map[0m
[0;32mI (164) esp_image: segment 4: paddr=0003520c vaddr=40085c7c size=06908h ( 26888) load[0m
[0;32mI (181) boot: Loaded app from partition at offset 0x10000[0m
[0;32mI (181) boot: Disabling RNG early entropy source...[0m
[0;32mI (192) cpu_start: Multicore app[0m
[0;32mI (202) cpu_start: Pro cpu start user code[0m
[0;32mI (202) cpu_start: cpu freq: 160000000 Hz[0m
[0;32mI (202) cpu_start: Application information:[0m
[0;32mI (205) cpu_start: Project name:     mb_endianness_utils[0m
[0;32mI (211) cpu_start: App version:      v2.0.0-beta-11-g3117942[0m
[0;32mI (217) cpu_start: Compile time:     Dec 20 2024 08:37:19[0m
[0;32mI (223) cpu_start: ELF file SHA256:  2b20d461d...[0m
[0;32mI (228) cpu_start: ESP-IDF:          v5.2.3-617-g91baeeb61c[0m
[0;32mI (235) cpu_start: Min chip rev:     v0.0[0m
[0;32mI (239) cpu_start: Max chip rev:     v3.99 [0m
[0;32mI (244) cpu_start: Chip rev:         v3.0[0m
[0;32mI (249) heap_init: Initializing. RAM available for dynamic allocation:[0m
[0;32mI (256) heap_init: At 3FFAE6E0 len 00001920 (6 KiB): DRAM[0m
[0;32mI (262) heap_init: At 3FFB2BF8 len 0002D408 (181 KiB): DRAM[0m
[0;32mI (268) heap_init: At 3FFE0440 len 00003AE0 (14 KiB): D/IRAM[0m
[0;32mI (275) heap_init: At 3FFE4350 len 0001BCB0 (111 KiB): D/IRAM[0m
[0;32mI (281) heap_init: At 4008C584 len 00013A7C (78 KiB): IRAM[0m
[0;32mI (289) spi_flash: detected chip: generic[0m
[0;32mI (292) spi_flash: flash io: dio[0m
[0;33mW (296) spi_flash: Detected size(4096k) larger than the size in the binary image header(2048k). Using the size in the binary image header.[0m
[0;32mI (310) main_task: Started on CPU0[0m
[0;32mI (320) main_task: Calling app_main()[0m


Press ENTER to see the list of tests.
1
Running Test endianness conversion for all extended Modbus types....
./main/test_mb_endianness_utils.c:54:Test endianness conversion for all extended Modbus types.:PASS
Test ran in 17ms

-----------------------
1 Tests 0 Failures 0 Ignored 
OK
Enter next test, or 'enter' to see menu
