Serial port /dev/ttyUSB3
Connecting.....
Connecting......
esptool.py v4.8.1
Found 5 serial ports
Chip is ESP32-D0WD-V3 (revision v3.0)
Features: WiFi, BT, Dual Core, 240MHz, VRef calibration in efuse, Coding Scheme None
Crystal is 40MHz
MAC: 10:97:bd:d5:4f:b0
Uploading stub...
Running stub...
Stub running...
Changing baud rate to 921600
Changed.
Configuring flash size...
Flash will be erased from 0x00001000 to 0x00007fff...
Flash will be erased from 0x00008000 to 0x00008fff...
Flash will be erased from 0x00010000 to 0x0003cfff...
SHA digest in image updated
Compressed 26752 bytes to 16371...
Writing at 0x00001000... (100 %)Wrote 26752 bytes (16371 compressed) at 0x00001000 in 0.8 seconds (effective 284.6 kbit/s)...
Hash of data verified.
Compressed 3072 bytes to 103...
Writing at 0x00008000... (100 %)Wrote 3072 bytes (103 compressed) at 0x00008000 in 0.1 seconds (effective 308.2 kbit/s)...
Hash of data verified.
Compressed 181184 bytes to 98243...
Writing at 0x00010000... (16 %)Writing at 0x0001b779... (33 %)Writing at 0x0002128e... (50 %)Writing at 0x000270de... (66 %)Writing at 0x0002d8be... (83 %)Writing at 0x00035d89... (100 %)Wrote 181184 bytes (98243 compressed) at 0x00010000 in 2.4 seconds (effective 604.0 kbit/s)...
Hash of data verified.

Leaving...
Hard resetting via RTS pin...
ets Jul 29 2019 12:21:46

rst:0x1 (POWERON_RESET),boot:0x12 (SPI_FAST_FLASH_BOOT)
configsip: 0, SPIWP:0xee
clk_drv:0x00,q_drv:0x00,d_drv:0x00,cs0_drv:0x00,hd_drv:0x00,wp_drv:0x00
mode:DIO, clock div:2
load:0x3fff0030,len:7176
load:0x40078000,len:15564
ho 0 tail 12 room 4
load:0x40080400,len:4
load:0x40080404,len:3904
entry 0x40080640
[0;32mI (31) boot: ESP-IDF v5.3.2-210-g12938e511e 2nd stage bootloader[0m
[0;32mI (31) boot: compile time Dec 20 2024 08:37:46[0m
[0;32mI (33) boot: Multicore bootloader[0m
[0;32mI (37) boot: chip revision: v3.0[0m
[0;32mI (41) boot.esp32: SPI Speed      : 40MHz[0m
[0;32mI (45) boot.esp32: SPI Mode       : DIO[0m
[0;32mI (50) boot.esp32: SPI Flash Size : 2MB[0m
[0;32mI (54) boot: Enabling RNG early entropy source...[0m
[0;32mI (60) boot: Partition Table:[0m
[0;32mI (63) boot: ## Label            Usage          Type ST Offset   Length[0m
[0;32mI (71) boot:  0 nvs              WiFi data        01 02 00009000 00006000[0m
[0;32mI (78) boot:  1 phy_init         RF data          01 01 0000f000 00001000[0m
[0;32mI (86) boot:  2 factory          factory app      00 00 00010000 00100000[0m
[0;32mI (93) boot: End of partition table[0m
[0;32mI (97) esp_image: segment 0: paddr=00010020 vaddr=3f400020 size=08170h ( 33136) map[0m
[0;32mI (117) esp_image: segment 1: paddr=00018198 vaddr=3ffb0000 size=0234ch (  9036) load[0m
[0;32mI (121) esp_image: segment 2: paddr=0001a4ec vaddr=40080000 size=05b2ch ( 23340) load[0m
[0;32mI (134) esp_image: segment 3: paddr=00020020 vaddr=400d0020 size=153bch ( 86972) map[0m
[0;32mI (164) esp_image: segment 4: paddr=000353e4 vaddr=40085b2c size=06fb0h ( 28592) load[0m
[0;32mI (182) boot: Loaded app from partition at offset 0x10000[0m
[0;32mI (182) boot: Disabling RNG early entropy source...[0m
[0;32mI (194) cpu_start: Multicore app[0m
[0;32mI (203) cpu_start: Pro cpu start user code[0m
[0;32mI (203) cpu_start: cpu freq: 160000000 Hz[0m
[0;32mI (203) app_init: Application information:[0m
[0;32mI (206) app_init: Project name:     mb_endianness_utils[0m
[0;32mI (211) app_init: App version:      v2.0.0-beta-11-g3117942[0m
[0;32mI (218) app_init: Compile time:     Dec 20 2024 08:37:40[0m
[0;32mI (224) app_init: ELF file SHA256:  a3e9b8bf9...[0m
[0;32mI (229) app_init: ESP-IDF:          v5.3.2-210-g12938e511e[0m
[0;32mI (235) efuse_init: Min chip rev:     v0.0[0m
[0;32mI (240) efuse_init: Max chip rev:     v3.99 [0m
[0;32mI (245) efuse_init: Chip rev:         v3.0[0m
[0;32mI (250) heap_init: Initializing. RAM available for dynamic allocation:[0m
[0;32mI (257) heap_init: At 3FFAE6E0 len 00001920 (6 KiB): DRAM[0m
[0;32mI (263) heap_init: At 3FFB2CD0 len 0002D330 (180 KiB): DRAM[0m
[0;32mI (269) heap_init: At 3FFE0440 len 00003AE0 (14 KiB): D/IRAM[0m
[0;32mI (276) heap_init: At 3FFE4350 len 0001BCB0 (111 KiB): D/IRAM[0m
[0;32mI (282) heap_init: At 4008CADC len 00013524 (77 KiB): IRAM[0m
[0;32mI (290) spi_flash: detected chip: generic[0m
[0;32mI (293) spi_flash: flash io: dio[0m
[0;33mW (297) spi_flash: Detected size(4096k) larger than the size in the binary image header(2048k). Using the size in the binary image header.[0m
[0;32mI (311) main_task: Started on CPU0[0m
[0;32mI (321) main_task: Calling app_main()[0m


Press ENTER to see the list of tests.



Here's the test menu, pick your combo:
(1)	"Test endianness conversion for all extended Modbus types." [MB_ENDIANNESS]

Enter test for running.
ets Jul 29 2019 12:21:46

rst:0x1 (POWERON_RESET),boot:0x12 (SPI_FAST_FLASH_BOOT)
configsip: 0, SPIWP:0xee
clk_drv:0x00,q_drv:0x00,d_drv:0x00,cs0_drv:0x00,hd_drv:0x00,wp_drv:0x00
mode:DIO, clock div:2
load:0x3fff0030,len:7176
load:0x40078000,len:15564
ho 0 tail 12 room 4
load:0x40080400,len:4
load:0x40080404,len:3904
entry 0x40080640
[0;32mI (31) boot: ESP-IDF v5.3.2-210-g12938e511e 2nd stage bootloader[0m
[0;32mI (31) boot: compile time Dec 20 2024 08:37:46[0m
[0;32mI (33) boot: Multicore bootloader[0m
[0;32mI (37) boot: chip revision: v3.0[0m
[0;32mI (41) boot.esp32: SPI Speed      : 40MHz[0m
[0;32mI (45) boot.esp32: SPI Mode       : DIO[0m
[0;32mI (50) boot.esp32: SPI Flash Size : 2MB[0m
[0;32mI (54) boot: Enabling RNG early entropy source...[0m
[0;32mI (60) boot: Partition Table:[0m
[0;32mI (63) boot: ## Label            Usage          Type ST Offset   Length[0m
[0;32mI (71) boot:  0 nvs              WiFi data        01 02 00009000 00006000[0m
[0;32mI (78) boot:  1 phy_init         RF data          01 01 0000f000 00001000[0m
[0;32mI (86) boot:  2 factory          factory app      00 00 00010000 00100000[0m
[0;32mI (93) boot: End of partition table[0m
[0;32mI (97) esp_image: segment 0: paddr=00010020 vaddr=3f400020 size=08170h ( 33136) map[0m
[0;32mI (117) esp_image: segment 1: paddr=00018198 vaddr=3ffb0000 size=0234ch (  9036) load[0m
[0;32mI (121) esp_image: segment 2: paddr=0001a4ec vaddr=40080000 size=05b2ch ( 23340) load[0m
[0;32mI (134) esp_image: segment 3: paddr=00020020 vaddr=400d0020 size=153bch ( 86972) map[0m
[0;32mI (164) esp_image: segment 4: paddr=000353e4 vaddr=40085b2c size=06fb0h ( 28592) load[0m
[0;32mI (182) boot: Loaded app from partition at offset 0x10000[0m
[0;32mI (182) boot: Disabling RNG early entropy source...[0m
[0;32mI (194) cpu_start: Multicore app[0m
[0;32mI (203) cpu_start: Pro cpu start user code[0m
[0;32mI (203) cpu_start: cpu freq: 160000000 Hz[0m
[0;32mI (203) app_init: Application information:[0m
[0;32mI (206) app_init: Project name:     mb_endianness_utils[0m
[0;32mI (211) app_init: App version:      v2.0.0-beta-11-g3117942[0m
[0;32mI (218) app_init: Compile time:     Dec 20 2024 08:37:40[0m
[0;32mI (224) app_init: ELF file SHA256:  a3e9b8bf9...[0m
[0;32mI (229) app_init: ESP-IDF:          v5.3.2-210-g12938e511e[0m
[0;32mI (235) efuse_init: Min chip rev:     v0.0[0m
[0;32mI (240) efuse_init: Max chip rev:     v3.99 [0m
[0;32mI (245) efuse_init: Chip rev:         v3.0[0m
[0;32mI (250) heap_init: Initializing. RAM available for dynamic allocation:[0m
[0;32mI (257) heap_init: At 3FFAE6E0 len 00001920 (6 KiB): DRAM[0m
[0;32mI (263) heap_init: At 3FFB2CD0 len 0002D330 (180 KiB): DRAM[0m
[0;32mI (269) heap_init: At 3FFE0440 len 00003AE0 (14 KiB): D/IRAM[0m
[0;32mI (276) heap_init: At 3FFE4350 len 0001BCB0 (111 KiB): D/IRAM[0m
[0;32mI (282) heap_init: At 4008CADC len 00013524 (77 KiB): IRAM[0m
[0;32mI (290) spi_flash: detected chip: generic[0m
[0;32mI (293) spi_flash: flash io: dio[0m
[0;33mW (297) spi_flash: Detected size(4096k) larger than the size in the binary image header(2048k). Using the size in the binary image header.[0m
[0;32mI (311) main_task: Started on CPU0[0m
[0;32mI (321) main_task: Calling app_main()[0m


Press ENTER to see the list of tests.
1
Running Test endianness conversion for all extended Modbus types....
./main/test_mb_endianness_utils.c:54:Test endianness conversion for all extended Modbus types.:PASS
Test ran in 17ms

-----------------------
1 Tests 0 Failures 0 Ignored 
OK
Enter next test, or 'enter' to see menu
