Serial port /dev/ttyUSB3
Connecting....
Connecting.......
esptool.py v4.8.1
Found 5 serial ports
Chip is ESP32-D0WD-V3 (revision v3.0)
Features: WiFi, BT, Dual Core, 240MHz, VRef calibration in efuse, Coding Scheme None
Crystal is 40MHz
MAC: 10:97:bd:d5:4f:b0
Uploading stub...
Running stub...
Stub running...
Changing baud rate to 921600
Changed.
Configuring flash size...
Flash will be erased from 0x00001000 to 0x00007fff...
Flash will be erased from 0x00008000 to 0x00008fff...
Flash will be erased from 0x00010000 to 0x0003cfff...
SHA digest in image updated
Compressed 26112 bytes to 16483...
Writing at 0x00001000... (50 %)Writing at 0x00007576... (100 %)Wrote 26112 bytes (16483 compressed) at 0x00001000 in 0.7 seconds (effective 283.8 kbit/s)...
Hash of data verified.
Compressed 3072 bytes to 103...
Writing at 0x00008000... (100 %)Wrote 3072 bytes (103 compressed) at 0x00008000 in 0.1 seconds (effective 307.7 kbit/s)...
Hash of data verified.
Compressed 181792 bytes to 100220...
Writing at 0x00010000... (14 %)Writing at 0x0001b954... (28 %)Writing at 0x00021541... (42 %)Writing at 0x00027451... (57 %)Writing at 0x0002dc12... (71 %)Writing at 0x0003554d... (85 %)Writing at 0x0003b7c5... (100 %)Wrote 181792 bytes (100220 compressed) at 0x00010000 in 2.4 seconds (effective 610.1 kbit/s)...
Hash of data verified.

Leaving...
Hard resetting via RTS pin...
ets Jul 29 2019 12:21:46

rst:0x1 (POWERON_RESET),boot:0x12 (SPI_FAST_FLASH_BOOT)
configsip: 0, SPIWP:0xee
clk_drv:0x00,q_drv:0x00,d_drv:0x00,cs0_drv:0x00,hd_drv:0x00,wp_drv:0x00
mode:DIO, clock div:2
load:0x3fff0030,len:6328
load:0x40078000,len:15828
load:0x40080400,len:3860
entry 0x40080638
I (27) boot: ESP-IDF v5.5-dev-1050-gb5ac4fbdf9 2nd stage bootloader
I (27) boot: compile time Dec 20 2024 08:49:16
I (27) boot: Multicore bootloader
I (30) boot: chip revision: v3.0
I (33) boot.esp32: SPI Speed      : 40MHz
I (37) boot.esp32: SPI Mode       : DIO
I (40) boot.esp32: SPI Flash Size : 2MB
I (44) boot: Enabling RNG early entropy source...
I (49) boot: Partition Table:
I (51) boot: ## Label            Usage          Type ST Offset   Length
I (57) boot:  0 nvs              WiFi data        01 02 00009000 00006000
I (64) boot:  1 phy_init         RF data          01 01 0000f000 00001000
I (71) boot:  2 factory          factory app      00 00 00010000 00100000
I (77) boot: End of partition table
I (80) esp_image: segment 0: paddr=00010020 vaddr=3f400020 size=08510h ( 34064) map
I (99) esp_image: segment 1: paddr=00018538 vaddr=3ff80000 size=0001ch (    28) load
I (100) esp_image: segment 2: paddr=0001855c vaddr=3ffb0000 size=02344h (  9028) load
I (108) esp_image: segment 3: paddr=0001a8a8 vaddr=40080000 size=05770h ( 22384) load
I (121) esp_image: segment 4: paddr=00020020 vaddr=400d0020 size=14f9ch ( 85916) map
I (151) esp_image: segment 5: paddr=00034fc4 vaddr=40085770 size=07630h ( 30256) load
I (169) boot: Loaded app from partition at offset 0x10000
I (169) boot: Disabling RNG early entropy source...
I (180) cpu_start: Multicore app
I (188) cpu_start: Pro cpu start user code
I (188) cpu_start: cpu freq: 160000000 Hz
I (188) app_init: Application information:
I (188) app_init: Project name:     mb_endianness_utils
I (193) app_init: App version:      v2.0.0-beta-11-g3117942
I (198) app_init: Compile time:     Dec 20 2024 08:49:09
I (203) app_init: ELF file SHA256:  bfb69676d...
I (208) app_init: ESP-IDF:          v5.5-dev-1050-gb5ac4fbdf9
I (213) efuse_init: Min chip rev:     v0.0
I (217) efuse_init: Max chip rev:     v3.99 
I (221) efuse_init: Chip rev:         v3.0
I (225) heap_init: Initializing. RAM available for dynamic allocation:
I (231) heap_init: At 3FFAE6E0 len 00001920 (6 KiB): DRAM
I (236) heap_init: At 3FFB2CC0 len 0002D340 (180 KiB): DRAM
I (242) heap_init: At 3FFE0440 len 00003AE0 (14 KiB): D/IRAM
I (247) heap_init: At 3FFE4350 len 0001BCB0 (111 KiB): D/IRAM
I (252) heap_init: At 4008CDA0 len 00013260 (76 KiB): IRAM
I (259) spi_flash: detected chip: generic
I (261) spi_flash: flash io: dio
W (264) spi_flash: Detected size(4096k) larger than the size in the binary image header(2048k). Using the size in the binary image header.
I (277) main_task: Started on CPU0
I (287) main_task: Calling app_main()


Press ENTER to see the list of tests.



Here's the test menu, pick your combo:
(1)	"Test endianness conversion for all extended Modbus types." [MB_ENDIANNESS]

Enter test for running.
ets Jul 29 2019 12:21:46

rst:0x1 (POWERON_RESET),boot:0x12 (SPI_FAST_FLASH_BOOT)
configsip: 0, SPIWP:0xee
clk_drv:0x00,q_drv:0x00,d_drv:0x00,cs0_drv:0x00,hd_drv:0x00,wp_drv:0x00
mode:DIO, clock div:2
load:0x3fff0030,len:6328
load:0x40078000,len:15828
load:0x40080400,len:3860
entry 0x40080638
I (27) boot: ESP-IDF v5.5-dev-1050-gb5ac4fbdf9 2nd stage bootloader
I (27) boot: compile time Dec 20 2024 08:49:16
I (27) boot: Multicore bootloader
I (30) boot: chip revision: v3.0
I (33) boot.esp32: SPI Speed      : 40MHz
I (37) boot.esp32: SPI Mode       : DIO
I (40) boot.esp32: SPI Flash Size : 2MB
I (44) boot: Enabling RNG early entropy source...
I (49) boot: Partition Table:
I (51) boot: ## Label            Usage          Type ST Offset   Length
I (57) boot:  0 nvs              WiFi data        01 02 00009000 00006000
I (64) boot:  1 phy_init         RF data          01 01 0000f000 00001000
I (71) boot:  2 factory          factory app      00 00 00010000 00100000
I (77) boot: End of partition table
I (80) esp_image: segment 0: paddr=00010020 vaddr=3f400020 size=08510h ( 34064) map
I (99) esp_image: segment 1: paddr=00018538 vaddr=3ff80000 size=0001ch (    28) load
I (100) esp_image: segment 2: paddr=0001855c vaddr=3ffb0000 size=02344h (  9028) load
I (108) esp_image: segment 3: paddr=0001a8a8 vaddr=40080000 size=05770h ( 22384) load
I (121) esp_image: segment 4: paddr=00020020 vaddr=400d0020 size=14f9ch ( 85916) map
I (151) esp_image: segment 5: paddr=00034fc4 vaddr=40085770 size=07630h ( 30256) load
I (169) boot: Loaded app from partition at offset 0x10000
I (169) boot: Disabling RNG early entropy source...
I (180) cpu_start: Multicore app
I (188) cpu_start: Pro cpu start user code
I (188) cpu_start: cpu freq: 160000000 Hz
I (188) app_init: Application information:
I (188) app_init: Project name:     mb_endianness_utils
I (193) app_init: App version:      v2.0.0-beta-11-g3117942
I (198) app_init: Compile time:     Dec 20 2024 08:49:09
I (203) app_init: ELF file SHA256:  bfb69676d...
I (208) app_init: ESP-IDF:          v5.5-dev-1050-gb5ac4fbdf9
I (213) efuse_init: Min chip rev:     v0.0
I (217) efuse_init: Max chip rev:     v3.99 
I (221) efuse_init: Chip rev:         v3.0
I (225) heap_init: Initializing. RAM available for dynamic allocation:
I (231) heap_init: At 3FFAE6E0 len 00001920 (6 KiB): DRAM
I (236) heap_init: At 3FFB2CC0 len 0002D340 (180 KiB): DRAM
I (242) heap_init: At 3FFE0440 len 00003AE0 (14 KiB): D/IRAM
I (247) heap_init: At 3FFE4350 len 0001BCB0 (111 KiB): D/IRAM
I (252) heap_init: At 4008CDA0 len 00013260 (76 KiB): IRAM
I (259) spi_flash: detected chip: generic
I (261) spi_flash: flash io: dio
W (264) spi_flash: Detected size(4096k) larger than the size in the binary image header(2048k). Using the size in the binary image header.
I (277) main_task: Started on CPU0
I (287) main_task: Calling app_main()


Press ENTER to see the list of tests.
1
Running Test endianness conversion for all extended Modbus types....
./main/test_mb_endianness_utils.c:54:Test endianness conversion for all extended Modbus types.:PASS
Test ran in 17ms

-----------------------
1 Tests 0 Failures 0 Ignored 
OK
Enter next test, or 'enter' to see menu
